
> movies-api@0.0.1 test
> jest movies.module --verbose

